Tue Sep 15 05:06:11 UTC 2026 - TBH update
Wed Sep 16 05:01:31 UTC 2026 - TBH update
Thu Sep 17 05:04:12 UTC 2026 - TBH update
Fri Sep 18 04:56:38 UTC 2026 - TBH update
Sat Sep 19 04:49:22 UTC 2026 - TBH update
Sun Sep 20 05:06:22 UTC 2026 - TBH update
Mon Sep 21 05:11:50 UTC 2026 - TBH update
Tue Sep 22 05:12:28 UTC 2026 - TBH update
Wed Sep 23 04:56:38 UTC 2026 - TBH update
Thu Sep 24 05:07:04 UTC 2026 - TBH update
Fri Sep 25 05:09:03 UTC 2026 - TBH update
Sat Sep 26 05:14:21 UTC 2026 - TBH update
Sun Sep 27 05:29:46 UTC 2026 - TBH update
Mon Sep 28 05:39:04 UTC 2026 - TBH update
Tue Sep 29 05:56:25 UTC 2026 - TBH update
Wed Sep 30 05:46:59 UTC 2026 - TBH update
Thu Oct  1 06:15:25 UTC 2026 - TBH update
Fri Oct  2 05:56:43 UTC 2026 - TBH update
Sat Oct  3 05:31:48 UTC 2026 - TBH update
Sun Oct  4 06:07:10 UTC 2026 - TBH update
Mon Oct  5 05:59:25 UTC 2026 - TBH update
Tue Oct  6 06:37:49 UTC 2026 - TBH update
Wed Oct  7 06:14:48 UTC 2026 - TBH update
Thu Oct  8 06:24:00 UTC 2026 - TBH update
Fri Oct  9 06:25:11 UTC 2026 - TBH update
Sat Oct 10 06:07:38 UTC 2026 - TBH update
